// Jest Snapshot v1, https://goo.gl/fbAQLP

exports[`<IconButtonStyled /> should render and match the snapshot 1`] = `[Function]`;
