// Jest Snapshot v1, https://goo.gl/fbAQLP

exports[`<LanguageSwitcherWrapper /> should render and match the snapshot 1`] = `[Function]`;
